Starting Dynare (version 7.0).
Calling Dynare with arguments: noclearall
Starting preprocessing of the model file ... 
WARNING: Parameter(s) meas_dy meas_r meas_di  not used in the model 
Found 24 equation(s). 
Evaluating expressions... 
Computing static model derivatives (order 1). 
Normalizing the static model... 
Finding the optimal block decomposition of the static model... 
10 block(s) found: 
  9 recursive block(s) and 1 simultaneous block(s). 
  the largest simultaneous block has 11 equation(s) 
                                 and 11 feedback variable(s). 
Computing dynamic model derivatives (order 1). 
Normalizing the dynamic model... 
Finding the optimal block decomposition of the dynamic model... 
3 block(s) found: 
  2 recursive block(s) and 1 simultaneous block(s). 
  the largest simultaneous block has 11 equation(s) 
                                 and 10 feedback variable(s). 
Preprocessing completed. 
Preprocessing time: 0h00m01s.

STEADY-STATE RESULTS:

gy             		 1.00414
irate_pai_diff 		 1.01011
girate         		 1
gpai           		 1
y              		 0.486335
h              		 0.382455
la             		 13.0469
w              		 0.794758
mu             		 1.2
paitilde       		 0
irate          		 0.0101144
pai            		 0
yback          		 0.486335
zm2back        		 0
paitildeback   		 0
paiback        		 0
irateback      		 0.0101144
xi             		 0
theta          		 0.4055
z              		 0
g              		 0.004131
zm             		 0
zm2            		 0
gm             		 0


Residuals of the static equations:
Equation number  1: la             :       0.000000
Equation number  2: w              :       0.000000
Equation number  3: 3              :       0.000000
Equation number  4: y              :       0.000000
Equation number  5: 5              :       0.000000
Equation number  6: 6              :       0.000000
Equation number  7: 7              :       0.000000
Equation number  8: gpai           :       0.000000
Equation number  9: girate         :       0.000000
Equation number 10: gy             :       0.000000
Equation number 11: xi             :       0.000000
Equation number 12: theta          :       0.000000
Equation number 13: g              :       0.000000
Equation number 14: z              :       0.000000
Equation number 15: gm             :       0.000000
Equation number 16: zm             :       0.000000
Equation number 17: paiback        :       0.000000
Equation number 18: irateback      :       0.000000
Equation number 19: yback          :       0.000000
Equation number 20: 20             :       0.000000
Equation number 21: paitildeback   :       0.000000
Equation number 22: irate_pai_diff :       0.000000
Equation number 23: zm2            :       0.000000
Equation number 24: zm2back        :       0.000000



EIGENVALUES:
         Modulus             Real        Imaginary
               0                0                0
       4.633e-18       -4.633e-18                0
           0.221            0.221                0
           0.248            0.248                0
          0.2893           0.2783          0.07892
          0.2893           0.2783         -0.07892
           0.306            0.306                0
             0.7              0.7                0
           0.708            0.708                0
          0.7549           0.7549                0
           0.796            0.796                0
           0.915            0.915                0
           1.303            1.264           0.3134
           1.303            1.264          -0.3134
       1.202e+17       -1.202e+17                0
       1.878e+17        1.878e+17                0
             Inf              Inf                0

There are 5 eigenvalue(s) larger than 1 in modulus for 5 forward-looking variable(s).
The order and rank conditions are verified.


MODEL SUMMARY

  Number of variables:         24
  Number of stochastic shocks: 7
  Number of state variables:   12
  Number of jumpers:           5
  Number of static variables:  9


MATRIX OF COVARIANCE OF EXOGENOUS SHOCKS
Variables       eps_xi  eps_theta      eps_z      eps_g     eps_zm    eps_zm2     eps_gm
eps_xi        1.000000   0.000000   0.000000   0.000000   0.000000   0.000000   0.000000
eps_theta     0.000000   1.000000   0.000000   0.000000   0.000000   0.000000   0.000000
eps_z         0.000000   0.000000   1.000000   0.000000   0.000000   0.000000   0.000000
eps_g         0.000000   0.000000   0.000000   1.000000   0.000000   0.000000   0.000000
eps_zm        0.000000   0.000000   0.000000   0.000000   9.028869   0.000000   0.000000
eps_zm2       0.000000   0.000000   0.000000   0.000000   0.000000   3.641979   0.000000
eps_gm        0.000000   0.000000   0.000000   0.000000   0.000000   0.000000   8.691371

POLICY AND TRANSITION FUNCTIONS
                                  gy  irate_pai_diff          girate            gpai               y               h              la               w              mu        paitilde           irate             pai           yback         zm2back    paitildeback         paiback       irateback              xi           theta               z               g              zm             zm2              gm
Constant                    1.004140        1.010114        1.000000        1.000000        0.486335        0.382455       13.046891        0.794758        1.200000               0        0.010114               0        0.486335               0               0               0        0.010114               0        0.405500               0        0.004131               0               0               0
yback(-1)                  -1.375296        0.136204        0.183618        0.048778        0.333903        0.350110        4.488324        1.148381       -2.008562        0.019219        0.185476        0.048778        0.333903               0        0.019219        0.048778        0.185476               0               0               0               0               0               0               0
zm2back(-1)                 0.136553       -0.212737       -0.194768        0.015839        0.066137        0.069347       -2.785707        0.339385       -0.566832        0.006240       -0.196738        0.015839        0.066137               0        0.006240        0.015839       -0.196738               0               0               0               0               0               0               0
paitildeback(-1)           -0.942891        0.208971        0.656005        0.449127       -0.456670       -0.478836       19.235143       -2.343437        3.913942        0.782956        0.662640        0.449127       -0.456670               0        0.782956        0.449127        0.662640               0               0               0               0               0               0               0
paiback(-1)                        0               0               0       -1.000000               0               0               0               0               0               0               0               0               0               0               0               0               0               0               0               0               0               0               0               0
irateback(-1)              -0.135186        0.210606       -0.797169       -0.015680       -0.065475       -0.068652        2.757813       -0.335987        0.561156       -0.006178        0.194768       -0.015680       -0.065475               0       -0.006178       -0.015680        0.194768               0               0               0               0               0               0               0
xi(-1)                      0.075839        0.031118        0.057230        0.026423        0.036731        0.038514       10.390784        0.188487       -0.314806        0.010411        0.057809        0.026423        0.036731               0        0.010411        0.026423        0.057809        0.915000               0               0               0               0               0               0
theta(-1)                   0.014255        0.069211        0.156177        0.087659        0.006904        0.007239        7.478709        1.355374       -2.052149        0.034538        0.157756        0.087659        0.006904               0        0.034538        0.087659        0.157756               0        0.708000               0               0               0               0               0
z(-1)                      -0.025769       -0.092088       -0.206527       -0.115362       -0.012481       -0.370044       -9.716622       -1.062310        2.734239       -0.045453       -0.208616       -0.115362       -0.012481               0       -0.045453       -0.115362       -0.208616               0               0        0.700000               0               0               0               0
zm(-1)                     -0.216700        0.253537        0.219031       -0.031967       -0.104954       -0.110049        4.420721       -0.538581        0.899523       -0.012595        0.221247       -0.031967       -0.104954               0       -0.012595       -0.031967        0.221247               0               0               0               0        0.306000               0               0
zm2(-1)                     0.768133       -0.311043       -0.061574        0.246354        0.372030        0.390087      -15.670036        1.909097       -3.188519        0.097064       -0.062197        0.246354        0.372030        0.796000        0.097064        0.246354       -0.062197               0               0               0               0               0        0.796000               0
g(-1)                       0.207382       -0.001777       -0.001358        0.000400       -0.007039       -0.007380       -1.697551        0.024614       -0.031376        0.000158       -0.001372        0.000400       -0.007039               0        0.000158        0.000400       -0.001372               0               0               0        0.221000               0               0               0
gm(-1)                      0.260060       -0.019834        0.153825        0.173461        0.125955        0.132068       -5.305266        0.646346       -1.079509       -0.179656       -0.095127       -0.074539        0.125955               0       -0.179656       -0.074539       -0.095127               0               0               0               0               0               0        0.248000
eps_xi                      0.002379        0.000976        0.001795        0.000829        0.001152        0.001208        0.325919        0.005912       -0.009874        0.000327        0.001813        0.000829        0.001152               0        0.000327        0.000829        0.001813        0.028700               0               0               0               0               0               0
eps_theta                   0.000033        0.000160        0.000362        0.000203        0.000016        0.000017        0.017324        0.003140       -0.004754        0.000080        0.000365        0.000203        0.000016               0        0.000080        0.000203        0.000365               0        0.001640               0               0               0               0               0
eps_z                      -0.000046       -0.000163       -0.000366       -0.000204       -0.000022       -0.000656       -0.017212       -0.001882        0.004844       -0.000081       -0.000370       -0.000204       -0.000022               0       -0.000081       -0.000204       -0.000370               0               0        0.001240               0               0               0               0
eps_g                       0.007113       -0.000061       -0.000047        0.000014       -0.000241       -0.000253       -0.058224        0.000844       -0.001076        0.000005       -0.000047        0.000014       -0.000241               0        0.000005        0.000014       -0.000047               0               0               0        0.007580               0               0               0
eps_zm                     -0.000589        0.000689        0.000596       -0.000087       -0.000285       -0.000299        0.012020       -0.001464        0.002446       -0.000034        0.000602       -0.000087       -0.000285               0       -0.000034       -0.000087        0.000602               0               0               0               0        0.000832               0               0
eps_zm2                     0.001264       -0.000512       -0.000101        0.000405        0.000612        0.000642       -0.025789        0.003142       -0.005247        0.000160       -0.000102        0.000405        0.000612        0.001310        0.000160        0.000405       -0.000102               0               0               0               0               0        0.001310               0
eps_gm                      0.000889       -0.000068        0.000526        0.000593        0.000431        0.000452       -0.018141        0.002210       -0.003691       -0.000614       -0.000325       -0.000255        0.000431               0       -0.000614       -0.000255       -0.000325               0               0               0               0               0               0        0.000848


THEORETICAL MOMENTS
VARIABLE               MEAN  STD. DEV.   VARIANCE
gy                   1.0041     0.0090     0.0001
irate_pai_diff       1.0101     0.0057     0.0000
girate               1.0000     0.0035     0.0000
gpai                 1.0000     0.0022     0.0000
y                    0.4863     0.0047     0.0000
h                    0.3825     0.0050     0.0000
la                  13.0469     0.8958     0.8025
w                    0.7948     0.0224     0.0005
mu                   1.2000     0.0379     0.0014
paitilde             0.0000     0.0051     0.0000
irate                0.0101     0.0088     0.0001
pai                  0.0000     0.0043     0.0000
yback                0.4863     0.0047     0.0000
zm2back              0.0000     0.0041     0.0000
paitildeback         0.0000     0.0051     0.0000
paiback              0.0000     0.0043     0.0000
irateback            0.0101     0.0088     0.0001
xi                   0.0000     0.0711     0.0051
theta                0.4055     0.0023     0.0000
z                    0.0000     0.0017     0.0000
g                    0.0041     0.0078     0.0001
zm                   0.0000     0.0026     0.0000
zm2                  0.0000     0.0041     0.0000
gm                   0.0000     0.0026     0.0000



VARIANCE DECOMPOSITION (in percent)
                     eps_xi  eps_theta      eps_z      eps_g     eps_zm    eps_zm2     eps_gm
gy                     8.01       0.04       0.04      67.09       5.08       9.14      10.61
irate_pai_diff        70.83       0.45       0.46       0.02      15.53      10.39       2.32
girate                32.39       1.23       1.26       0.03      40.37       1.53      23.19
gpai                  14.59       0.90       0.91       0.01       1.61      13.05      68.93
y                     20.33       0.30       0.27       0.35       5.40      24.16      49.18
h                     19.85       0.29       2.63       0.35       5.27      23.59      48.02
la                    97.66       0.11       0.10       0.45       0.18       0.54       0.96
w                     19.80       3.06       1.00       0.15       5.58      23.49      46.92
mu                    19.63       2.40       2.48       0.09       5.50      23.29      46.62
paitilde              37.74       0.38       0.37       0.00       0.32      13.78      47.41
irate                 84.18       0.73       0.72       0.01       4.81       1.17       8.38
pai                   58.51       0.74       0.73       0.00       0.75      23.58      15.68
yback                 20.33       0.30       0.27       0.35       5.40      24.16      49.18
zm2back                0.00       0.00       0.00       0.00       0.00     100.00       0.00
paitildeback          37.74       0.38       0.37       0.00       0.32      13.78      47.41
paiback               58.51       0.74       0.73       0.00       0.75      23.58      15.68
irateback             84.18       0.73       0.72       0.01       4.81       1.17       8.38
xi                   100.00       0.00       0.00       0.00       0.00       0.00       0.00
theta                  0.00     100.00       0.00       0.00       0.00       0.00       0.00
z                      0.00       0.00     100.00       0.00       0.00       0.00       0.00
g                      0.00       0.00       0.00     100.00       0.00       0.00       0.00
zm                     0.00       0.00       0.00       0.00     100.00       0.00       0.00
zm2                    0.00       0.00       0.00       0.00       0.00     100.00       0.00
gm                     0.00       0.00       0.00       0.00       0.00       0.00     100.00



MATRIX OF CORRELATIONS
Variables                     gy  irate_pai_diff          girate            gpai               y               h              la               w              mu        paitilde           irate             pai           yback         zm2back    paitildeback         paiback       irateback              xi           theta               z               g              zm             zm2              gm
gy                        1.0000         -0.1274          0.0878          0.4617          0.1050          0.1025         -0.0688          0.2092         -0.1968         -0.1349         -0.0984         -0.0322          0.1050          0.1020         -0.1349         -0.0322         -0.0984          0.0339         -0.0078          0.0070          0.8180         -0.1624          0.1020          0.2993
irate_pai_diff           -0.1274          1.0000          0.1408         -0.1275         -0.0895         -0.0774          0.8740         -0.0814          0.0772          0.5114          0.9127          0.5417         -0.0895         -0.3146          0.5114          0.5417          0.9127          0.8183          0.0625         -0.0625         -0.0127          0.3917         -0.3146         -0.0589
girate                    0.0878          0.1408          1.0000          0.5285          0.3762          0.3825          0.1481          0.3908         -0.3917         -0.2603          0.0588         -0.0673          0.3762          0.0091         -0.2603         -0.0673          0.0588          0.1925          0.0599         -0.0613         -0.0136          0.3828          0.0091          0.4553
gpai                      0.4617         -0.1275          0.5285          1.0000          0.5889          0.5902          0.0124          0.6330         -0.6284         -0.4640         -0.1579         -0.1546          0.5889          0.1770         -0.4640         -0.1546         -0.1579          0.1205          0.0461         -0.0469          0.0042         -0.0993          0.1770          0.8151
y                         0.1050         -0.0895          0.3762          0.5889          1.0000          0.9843          0.2468          0.9689         -0.9652         -0.2210          0.0241          0.1692          1.0000          0.4616         -0.2210          0.1692          0.0241          0.3687         -0.0247          0.0216         -0.0565         -0.2162          0.4616          0.3676
h                         0.1025         -0.0774          0.3825          0.5902          0.9843          1.0000          0.2494          0.9731         -0.9802         -0.2100          0.0381          0.1817          0.9843          0.4561         -0.2100          0.1817          0.0381          0.3643         -0.0244         -0.1551         -0.0558         -0.2136          0.4561          0.3632
la                       -0.0688          0.8740          0.1481          0.0124          0.2468          0.2494          1.0000          0.2401         -0.2418          0.6159          0.9367          0.7595          0.2468         -0.0666          0.6159          0.7595          0.9367          0.9871          0.0322         -0.0317         -0.0670          0.0416         -0.0666         -0.0728
w                         0.2092         -0.0814          0.3908          0.6330          0.9689          0.9731          0.2401          1.0000         -0.9978         -0.2135          0.0370          0.1848          0.9689          0.4565         -0.2135          0.1848          0.0370          0.3593          0.1687         -0.0890          0.0357         -0.2264          0.4565          0.3875
mu                       -0.1968          0.0772         -0.3917         -0.6284         -0.9652         -0.9802         -0.2418         -0.9978          1.0000          0.2096         -0.0414         -0.1883         -0.9652         -0.4545          0.2096         -0.1883         -0.0414         -0.3583         -0.1479          0.1505         -0.0261          0.2241         -0.4545         -0.3833
paitilde                 -0.1349          0.5114         -0.2603         -0.4640         -0.2210         -0.2100          0.6159         -0.2135          0.2096          1.0000          0.7765          0.9144         -0.2210          0.2917          1.0000          0.9144          0.7765          0.5535          0.0481         -0.0473          0.0011         -0.0306          0.2917         -0.4553
irate                    -0.0984          0.9127          0.0588         -0.1579          0.0241          0.0381          0.9367          0.0370         -0.0414          0.7765          1.0000          0.8379          0.0241          0.0177          0.7765          0.8379          1.0000          0.8940          0.0809         -0.0807         -0.0069          0.2178          0.0177         -0.1533
pai                      -0.0322          0.5417         -0.0673         -0.1546          0.1692          0.1817          0.7595          0.1848         -0.1883          0.9144          0.8379          1.0000          0.1692          0.4567          0.9144          1.0000          0.8379          0.7460          0.0830         -0.0824          0.0028         -0.0753          0.4567         -0.2367
yback                     0.1050         -0.0895          0.3762          0.5889          1.0000          0.9843          0.2468          0.9689         -0.9652         -0.2210          0.0241          0.1692          1.0000          0.4616         -0.2210          0.1692          0.0241          0.3687         -0.0247          0.0216         -0.0565         -0.2162          0.4616          0.3676
zm2back                   0.1020         -0.3146          0.0091          0.1770          0.4616          0.4561         -0.0666          0.4565         -0.4545          0.2917          0.0177          0.4567          0.4616          1.0000          0.2917          0.4567          0.0177          0.0000          0.0000          0.0000          0.0000          0.0000          1.0000          0.0000
paitildeback             -0.1349          0.5114         -0.2603         -0.4640         -0.2210         -0.2100          0.6159         -0.2135          0.2096          1.0000          0.7765          0.9144         -0.2210          0.2917          1.0000          0.9144          0.7765          0.5535          0.0481         -0.0473          0.0011         -0.0306          0.2917         -0.4553
paiback                  -0.0322          0.5417         -0.0673         -0.1546          0.1692          0.1817          0.7595          0.1848         -0.1883          0.9144          0.8379          1.0000          0.1692          0.4567          0.9144          1.0000          0.8379          0.7460          0.0830         -0.0824          0.0028         -0.0753          0.4567         -0.2367
irateback                -0.0984          0.9127          0.0588         -0.1579          0.0241          0.0381          0.9367          0.0370         -0.0414          0.7765          1.0000          0.8379          0.0241          0.0177          0.7765          0.8379          1.0000          0.8940          0.0809         -0.0807         -0.0069          0.2178          0.0177         -0.1533
xi                        0.0339          0.8183          0.1925          0.1205          0.3687          0.3643          0.9871          0.3593         -0.3583          0.5535          0.8940          0.7460          0.3687          0.0000          0.5535          0.7460          0.8940          1.0000          0.0000          0.0000          0.0000          0.0000          0.0000          0.0000
theta                    -0.0078          0.0625          0.0599          0.0461         -0.0247         -0.0244          0.0322          0.1687         -0.1479          0.0481          0.0809          0.0830         -0.0247          0.0000          0.0481          0.0830          0.0809          0.0000          1.0000          0.0000          0.0000          0.0000          0.0000          0.0000
z                         0.0070         -0.0625         -0.0613         -0.0469          0.0216         -0.1551         -0.0317         -0.0890          0.1505         -0.0473         -0.0807         -0.0824          0.0216          0.0000         -0.0473         -0.0824         -0.0807          0.0000          0.0000          1.0000          0.0000          0.0000          0.0000          0.0000
g                         0.8180         -0.0127         -0.0136          0.0042         -0.0565         -0.0558         -0.0670          0.0357         -0.0261          0.0011         -0.0069          0.0028         -0.0565          0.0000          0.0011          0.0028         -0.0069          0.0000          0.0000          0.0000          1.0000          0.0000          0.0000          0.0000
zm                       -0.1624          0.3917          0.3828         -0.0993         -0.2162         -0.2136          0.0416         -0.2264          0.2241         -0.0306          0.2178         -0.0753         -0.2162          0.0000         -0.0306         -0.0753          0.2178          0.0000          0.0000          0.0000          0.0000          1.0000          0.0000          0.0000
zm2                       0.1020         -0.3146          0.0091          0.1770          0.4616          0.4561         -0.0666          0.4565         -0.4545          0.2917          0.0177          0.4567          0.4616          1.0000          0.2917          0.4567          0.0177          0.0000          0.0000          0.0000          0.0000          0.0000          1.0000          0.0000
gm                        0.2993         -0.0589          0.4553          0.8151          0.3676          0.3632         -0.0728          0.3875         -0.3833         -0.4553         -0.1533         -0.2367          0.3676          0.0000         -0.4553         -0.2367         -0.1533          0.0000          0.0000          0.0000          0.0000          0.0000          0.0000          1.0000



COEFFICIENTS OF AUTOCORRELATION
Order                   1        2        3        4        5
gy                 0.2500   0.0265  -0.0309  -0.0381  -0.0324
irate_pai_diff     0.8642   0.7442   0.6597   0.5948   0.5402
girate             0.0771   0.0215   0.0323   0.0276   0.0168
gpai               0.2543   0.1577   0.1010   0.0661   0.0433
y                  0.8579   0.6571   0.4778   0.3377   0.2339
h                  0.8506   0.6475   0.4683   0.3292   0.2267
la                 0.9223   0.8482   0.7790   0.7150   0.6559
w                  0.8225   0.6157   0.4410   0.3079   0.2106
mu                 0.8236   0.6166   0.4414   0.3079   0.2104
paitilde           0.9195   0.8121   0.7103   0.6207   0.5433
irate              0.9316   0.8522   0.7802   0.7153   0.6560
pai                0.9377   0.8528   0.7691   0.6916   0.6215
yback              0.8579   0.6571   0.4778   0.3377   0.2339
zm2back            0.7960   0.6336   0.5044   0.4015   0.3196
paitildeback       0.9195   0.8121   0.7103   0.6207   0.5433
paiback            0.9377   0.8528   0.7691   0.6916   0.6215
irateback          0.9316   0.8522   0.7802   0.7153   0.6560
xi                 0.9150   0.8372   0.7661   0.7009   0.6414
theta              0.7080   0.5013   0.3549   0.2513   0.1779
z                  0.7000   0.4900   0.3430   0.2401   0.1681
g                  0.2210   0.0488   0.0108   0.0024   0.0005
zm                 0.3060   0.0936   0.0287   0.0088   0.0027
zm2                0.7960   0.6336   0.5044   0.4015   0.3196
gm                 0.2480   0.0615   0.0153   0.0038   0.0009
Total computing time : 0h00m05s
Note: 1 warning(s) encountered in the preprocessor
