Starting Dynare (version 7.0).
Calling Dynare with arguments: noclearall
Starting preprocessing of the model file ... 
WARNING: Parameter(s) meas_dy meas_r meas_di  not used in the model 
Found 28 equation(s). 
Evaluating expressions... 
Computing static model derivatives (order 1). 
Normalizing the static model... 
Finding the optimal block decomposition of the static model... 
9 block(s) found: 
  8 recursive block(s) and 1 simultaneous block(s). 
  the largest simultaneous block has 11 equation(s) 
                                 and 11 feedback variable(s). 
Computing dynamic model derivatives (order 2). 
Normalizing the dynamic model... 
Finding the optimal block decomposition of the dynamic model... 
3 block(s) found: 
  2 recursive block(s) and 1 simultaneous block(s). 
  the largest simultaneous block has 11 equation(s) 
                                 and 10 feedback variable(s). 
Preprocessing completed. 
Preprocessing time: 0h00m00s.

STEADY-STATE RESULTS:

gy             		 1.00414
irate_pai_diff 		 1.01011
girate         		 1
gpai           		 1
y              		 0.486335
h              		 0.382455
la             		 13.0469
w              		 0.794758
mu             		 1.2
paitilde       		 0
irate          		 0.0101144
pai            		 0
yback          		 0.486335
zm2back        		 0
paitildeback   		 0
paiback        		 0
irateback      		 0.0101144
xi             		 0
theta          		 0.4055
z              		 0
g              		 0.004131
zm             		 0
zm2            		 0
gm             		 0
obs_dy         		 0
obs_r          		 0
obs_di         		 0
obs_dpi        		 0


Residuals of the static equations:
Equation number  1: la             :       0.000000
Equation number  2: w              :       0.000000
Equation number  3: 3              :       0.000000
Equation number  4: y              :       0.000000
Equation number  5: 5              :       0.000000
Equation number  6: 6              :       0.000000
Equation number  7: 7              :       0.000000
Equation number  8: gpai           :       0.000000
Equation number  9: girate         :       0.000000
Equation number 10: gy             :       0.000000
Equation number 11: xi             :       0.000000
Equation number 12: theta          :       0.000000
Equation number 13: g              :       0.000000
Equation number 14: z              :       0.000000
Equation number 15: gm             :       0.000000
Equation number 16: zm             :       0.000000
Equation number 17: paiback        :       0.000000
Equation number 18: irateback      :       0.000000
Equation number 19: yback          :       0.000000
Equation number 20: 20             :       0.000000
Equation number 21: paitildeback   :       0.000000
Equation number 22: irate_pai_diff :       0.000000
Equation number 23: zm2            :       0.000000
Equation number 24: zm2back        :       0.000000
Equation number 25: obs_dy         :       0.000000
Equation number 26: obs_r          :       0.000000
Equation number 27: obs_di         :       0.000000
Equation number 28: obs_dpi        :       0.000000



EIGENVALUES:
         Modulus             Real        Imaginary
       5.218e-16        5.218e-16                0
           0.221            0.221                0
           0.248            0.248                0
          0.2893           0.2783          0.07892
          0.2893           0.2783         -0.07892
           0.306            0.306                0
             0.7              0.7                0
           0.708            0.708                0
          0.7549           0.7549                0
           0.915            0.915                0
           1.303            1.264           0.3134
           1.303            1.264          -0.3134
       1.698e+17        1.698e+17                0
       2.248e+17        2.248e+17                0
         4.1e+17          4.1e+17                0

There are 5 eigenvalue(s) larger than 1 in modulus for 5 forward-looking variable(s).
The order and rank conditions are verified.



You did not declare endogenous variables after the estimation/calib_smoother command.
[Warning: Your prior allows for negative standard deviations for measurement error. Due to working with variances, Dynare
will be able to continue, but it is recommended to change your prior!] 
[> In <a href="matlab:matlab.internal.language.introspective.errorDocCallback('check_prior_stderr_corr_skew', 'C:\dynare\7.0\matlab\utilities\estimation\check_prior_stderr_corr_skew.m', 45)" style="font-weight:bold">check_prior_stderr_corr_skew</a> (<a href="matlab: opentoline('C:\dynare\7.0\matlab\utilities\estimation\check_prior_stderr_corr_skew.m',45,0)">line 45</a>)
In <a href="matlab:matlab.internal.language.introspective.errorDocCallback('initial_estimation_checks', 'C:\dynare\7.0\matlab\estimation\initial_estimation_checks.m', 190)" style="font-weight:bold">initial_estimation_checks</a> (<a href="matlab: opentoline('C:\dynare\7.0\matlab\estimation\initial_estimation_checks.m',190,0)">line 190</a>)
In <a href="matlab:matlab.internal.language.introspective.errorDocCallback('dynare_estimation_1', 'C:\dynare\7.0\matlab\estimation\dynare_estimation_1.m', 164)" style="font-weight:bold">dynare_estimation_1</a> (<a href="matlab: opentoline('C:\dynare\7.0\matlab\estimation\dynare_estimation_1.m',164,0)">line 164</a>)
In <a href="matlab:matlab.internal.language.introspective.errorDocCallback('dynare_estimation', 'C:\dynare\7.0\matlab\estimation\dynare_estimation.m', 105)" style="font-weight:bold">dynare_estimation</a> (<a href="matlab: opentoline('C:\dynare\7.0\matlab\estimation\dynare_estimation.m',105,0)">line 105</a>)
In <a href="matlab:matlab.internal.language.introspective.errorDocCallback('uribe_A_24_mh.driver', 'C:\Users\Pc\Desktop\uribe_tp3_point1_reproducible_v3\uribe_tp3_point1_reproducible\code\dynare\+uribe_A_24_mh\driver.m', 1129)" style="font-weight:bold">uribe_A_24_mh.driver</a> (<a href="matlab: opentoline('C:\Users\Pc\Desktop\uribe_tp3_point1_reproducible_v3\uribe_tp3_point1_reproducible\code\dynare\+uribe_A_24_mh\driver.m',1129,0)">line 1129</a>)
In <a href="matlab:matlab.internal.language.introspective.errorDocCallback('dynare', 'C:\dynare\7.0\matlab\dynare.m', 300)" style="font-weight:bold">dynare</a> (<a href="matlab: opentoline('C:\dynare\7.0\matlab\dynare.m',300,0)">line 300</a>)
In <a href="matlab:matlab.internal.language.introspective.errorDocCallback('run_uribe_A_estimation_24', 'C:\Users\Pc\Desktop\uribe_tp3_point1_reproducible_v3\uribe_tp3_point1_reproducible\code\matlab\run_uribe_A_estimation_24.m', 28)" style="font-weight:bold">run_uribe_A_estimation_24</a> (<a href="matlab: opentoline('C:\Users\Pc\Desktop\uribe_tp3_point1_reproducible_v3\uribe_tp3_point1_reproducible\code\matlab\run_uribe_A_estimation_24.m',28,0)">line 28</a>)] 
Initial value of the log posterior (or likelihood): -305.7971

==========================================================
   Change in the posterior covariance matrix = 196.5131.
   Change in the posterior mean = 42.5564.
   Current mode = 301.7266
   Mode improvement = 4.0705
   New value of jscale = 0.036513
==========================================================

==========================================================
   Change in the posterior covariance matrix = 505.941.
   Change in the posterior mean = 52.5666.
   Current mode = 300.0524
   Mode improvement = 1.6742
   New value of jscale = 0.31311
==========================================================

==========================================================
   Change in the posterior covariance matrix = 206.8345.
   Change in the posterior mean = 9.4999.
   Current mode = 298.5154
   Mode improvement = 1.537
   New value of jscale = 0.24245
==========================================================

Optimal value of the scale parameter = 0.24245


Final value of minus the log posterior (or likelihood):298.515446 

RESULTS FROM POSTERIOR ESTIMATION
parameters
              prior mean     mode    s.d.  prior pstdev

phi              50.0000 145.8915 30.2698   gamm 20.0000 
alpha_pi          1.5000   2.4525  0.2241   gamm 0.2500 
alpha_y           0.1250   0.0893  0.1240   gamm 0.1000 
gamma_m           0.5000   0.6336  0.0774   unif 0.2887 
gamma_I           0.5000   0.0835  0.1323   unif 0.2887 
delta             0.5000   0.1904  0.0512   unif 0.2887 
rho_xi            0.7000   0.9097  0.0173   beta 0.2000 
rho_theta         0.7000   0.8808  0.2006   beta 0.2000 
rho_z             0.7000   0.8795  0.2115   beta 0.2000 
rho_g             0.3000   0.0823  0.0963   beta 0.2000 
rho_zm            0.3000   0.1892  0.2529   beta 0.2000 
rho_gm            0.3000   0.0566  0.1438   beta 0.2000 
sigma_xi          1.0000   2.6222  0.4139   norm 1.0000 
sigma_theta       1.0000   0.0278  0.1184   norm 1.0000 
sigma_z           1.0000   0.0157  0.0972   norm 1.0000 
sigma_g           1.0000   0.8398  0.0770   norm 1.0000 
sigma_zm          0.2500   0.0428  0.0543   norm 0.2500 
sigma_gm          0.2500   0.1406  0.0352   norm 0.2500 

standard deviation of measurement errors
              prior mean     mode    s.d.  prior pstdev

obs_dy            0.1943   0.1946  0.0581   norm 0.0561 
obs_r             0.1442   0.2149  0.0122   norm 0.0416 
obs_di            0.0485   0.0393  0.0127   norm 0.0140 


Log data density [Laplace approximation] is -329.574347.

Estimation::mcmc: One Chain mode.
Estimation::mcmc: Initialization at the posterior mode.

Estimation::mcmc: Write details about the MCMC... Ok!
Estimation::mcmc: Details about the MCMC are available in uribe_A_24_mh/metropolis\uribe_A_24_mh_mh_history_0.mat


Estimation::mcmc: Number of mh files: 2 per block.
Estimation::mcmc: Total number of generated files: 2.
Estimation::mcmc: Total number of iterations: 1000000.
Estimation::mcmc: Current acceptance ratio per chain:
                                                       Chain  1: 35.9996%
Estimation::mcmc: Total number of MH draws per chain: 1000000.
Estimation::mcmc: Total number of generated MH files: 2.
Estimation::mcmc: I'll use mh-files 1 to 2.
Estimation::mcmc: In MH-file number 1 I'll start at line 500001.
Estimation::mcmc: Finally I keep 500000 draws per chain.



MCMC Inefficiency factors per block
Parameter            Block 1
SE_EOBS_obs_dy       190.394
SE_EOBS_obs_r        191.466
SE_EOBS_obs_di       212.917
phi                  251.543
alpha_pi             219.551
alpha_y              269.899
gamma_m              212.036
gamma_I              282.978
delta                225.943
rho_xi               305.276
rho_theta            265.065
rho_z                246.818
rho_g                319.933
rho_zm               266.168
rho_gm               262.901
sigma_xi             246.702
sigma_theta          374.722
sigma_z              345.842
sigma_g              364.253
sigma_zm             297.158
sigma_gm             281.203



Convergence diagnostics results for chain 1.

Geweke (1992) Convergence Tests, based on means of draws 500000 to 600000 vs 750000 to 1000000 for chain 1.
p-values are for Chi2-test for equality of means.
Parameter              Post. Mean        Post. Std   p-val No Taper   p-val 4% Taper   p-val 8% Taper  p-val 15% Taper
SE_EOBS_obs_dy              0.200            0.056            0.000            0.118            0.108            0.089
SE_EOBS_obs_r               0.214            0.012            0.000            0.710            0.723            0.724
SE_EOBS_obs_di              0.041            0.013            0.000            0.179            0.132            0.091
phi                       152.649           33.681            0.484            0.965            0.962            0.960
alpha_pi                    2.424            0.227            0.000            0.232            0.199            0.186
alpha_y                     0.180            0.123            0.000            0.660            0.645            0.590
gamma_m                     0.607            0.077            0.000            0.667            0.662            0.667
gamma_I                     0.266            0.139            0.000            0.712            0.709            0.706
delta                       0.221            0.052            0.000            0.253            0.204            0.158
rho_xi                      0.914            0.020            0.000            0.776            0.788            0.790
rho_theta                   0.718            0.214            0.000            0.686            0.671            0.602
rho_z                       0.718            0.213            0.000            0.678            0.662            0.653
rho_g                       0.198            0.107            0.000            0.468            0.464            0.446
rho_zm                      0.347            0.212            0.000            0.579            0.603            0.606
rho_gm                      0.209            0.147            0.045            0.903            0.886            0.874
sigma_xi                    2.714            0.415            0.000            0.360            0.385            0.377
sigma_theta                 0.189            0.169            0.000            0.667            0.667            0.622
sigma_z                     0.130            0.110            0.000            0.729            0.750            0.757
sigma_g                     0.748            0.101            0.000            0.757            0.760            0.757
sigma_zm                    0.106            0.048            0.000            0.574            0.591            0.585
sigma_gm                    0.121            0.031            0.000            0.830            0.835            0.840


marginal density: I'm computing the posterior mean and covariance...  Done!
marginal density: I'm computing the posterior log marginal density (modified harmonic mean)... Done!


ESTIMATION RESULTS

Log data density (Modified Harmonic Mean) is -330.408840.
parameters
                prior mean   post. mean        90% HPD interval    prior       pstdev

phi                 50.000     152.3167     96.5829    206.3472     gamm      20.0000
alpha_pi             1.500       2.4256      2.0568      2.8016     gamm       0.2500
alpha_y              0.125       0.1798      0.0059      0.3481     gamm       0.1000
gamma_m              0.500       0.6063      0.4820      0.7366     unif       0.2887
gamma_I              0.500       0.2658      0.0327      0.4810     unif       0.2887
delta                0.500       0.2209      0.1361      0.3053     unif       0.2887
rho_xi               0.700       0.9141      0.8835      0.9456     beta       0.2000
rho_theta            0.700       0.7160      0.4025      1.0000     beta       0.2000
rho_z                0.700       0.7162      0.4018      0.9999     beta       0.2000
rho_g                0.300       0.1976      0.0238      0.3600     beta       0.2000
rho_zm               0.300       0.3487      0.0070      0.6661     beta       0.2000
rho_gm               0.300       0.2087      0.0005      0.4237     beta       0.2000
sigma_xi             1.000       2.7133      2.0571      3.3616     norm       1.0000
sigma_theta          1.000       0.1780      0.0000      0.3638     norm       1.0000
sigma_z              1.000       0.1333      0.0000      0.2765     norm       1.0000
sigma_g              1.000       0.7515      0.5995      0.9017     norm       1.0000
sigma_zm             0.250       0.1059      0.0140      0.1691     norm       0.2500
sigma_gm             0.250       0.1200      0.0691      0.1697     norm       0.2500

standard deviation of measurement errors
                prior mean   post. mean        90% HPD interval    prior       pstdev

obs_dy               0.194       0.2011      0.1104      0.2939     norm       0.0561
obs_r                0.144       0.2139      0.1944      0.2322     norm       0.0416
obs_di               0.049       0.0410      0.0200      0.0622     norm       0.0140
Total computing time : 0h58m22s
Note: 1 warning(s) encountered in the preprocessor
Note: warning(s) encountered in MATLAB/Octave code
