Starting Dynare (version 7.0).
Calling Dynare with arguments: noclearall
Starting preprocessing of the model file ... 
WARNING: Parameter(s) meas_dy meas_r meas_di  not used in the model 
Found 28 equation(s). 
Evaluating expressions... 
Computing static model derivatives (order 1). 
Normalizing the static model... 
Finding the optimal block decomposition of the static model... 
9 block(s) found: 
  8 recursive block(s) and 1 simultaneous block(s). 
  the largest simultaneous block has 11 equation(s) 
                                 and 11 feedback variable(s). 
Computing dynamic model derivatives (order 2). 
Normalizing the dynamic model... 
Finding the optimal block decomposition of the dynamic model... 
3 block(s) found: 
  2 recursive block(s) and 1 simultaneous block(s). 
  the largest simultaneous block has 11 equation(s) 
                                 and 10 feedback variable(s). 
Preprocessing completed. 
Preprocessing time: 0h00m00s.

STEADY-STATE RESULTS:

gy             		 1.00414
irate_pai_diff 		 1.01011
girate         		 1
gpai           		 1
y              		 0.486335
h              		 0.382455
la             		 13.0469
w              		 0.794758
mu             		 1.2
paitilde       		 0
irate          		 0.0101144
pai            		 0
yback          		 0.486335
zm2back        		 0
paitildeback   		 0
paiback        		 0
irateback      		 0.0101144
xi             		 0
theta          		 0.4055
z              		 0
g              		 0.004131
zm             		 0
zm2            		 0
gm             		 0
obs_dy         		 0
obs_r          		 0
obs_di         		 0
obs_dpi        		 0


Residuals of the static equations:
Equation number  1: la             :       0.000000
Equation number  2: w              :       0.000000
Equation number  3: 3              :       0.000000
Equation number  4: y              :       0.000000
Equation number  5: 5              :       0.000000
Equation number  6: 6              :       0.000000
Equation number  7: 7              :       0.000000
Equation number  8: gpai           :       0.000000
Equation number  9: girate         :       0.000000
Equation number 10: gy             :       0.000000
Equation number 11: xi             :       0.000000
Equation number 12: theta          :       0.000000
Equation number 13: g              :       0.000000
Equation number 14: z              :       0.000000
Equation number 15: gm             :       0.000000
Equation number 16: zm             :       0.000000
Equation number 17: paiback        :       0.000000
Equation number 18: irateback      :       0.000000
Equation number 19: yback          :       0.000000
Equation number 20: 20             :       0.000000
Equation number 21: paitildeback   :       0.000000
Equation number 22: irate_pai_diff :       0.000000
Equation number 23: zm2            :       0.000000
Equation number 24: zm2back        :       0.000000
Equation number 25: obs_dy         :       0.000000
Equation number 26: obs_r          :       0.000000
Equation number 27: obs_di         :       0.000000
Equation number 28: obs_dpi        :       0.000000



EIGENVALUES:
         Modulus             Real        Imaginary
       5.218e-16        5.218e-16                0
           0.221            0.221                0
           0.248            0.248                0
          0.2893           0.2783          0.07892
          0.2893           0.2783         -0.07892
           0.306            0.306                0
             0.7              0.7                0
           0.708            0.708                0
          0.7549           0.7549                0
           0.915            0.915                0
           1.303            1.264           0.3134
           1.303            1.264          -0.3134
       1.698e+17        1.698e+17                0
       2.248e+17        2.248e+17                0
         4.1e+17          4.1e+17                0

There are 5 eigenvalue(s) larger than 1 in modulus for 5 forward-looking variable(s).
The order and rank conditions are verified.



You did not declare endogenous variables after the estimation/calib_smoother command.
[Warning: Your prior allows for negative standard deviations for measurement error. Due to working with variances, Dynare
will be able to continue, but it is recommended to change your prior!] 
[> In <a href="matlab:matlab.internal.language.introspective.errorDocCallback('check_prior_stderr_corr_skew', 'C:\dynare\7.0\matlab\utilities\estimation\check_prior_stderr_corr_skew.m', 45)" style="font-weight:bold">check_prior_stderr_corr_skew</a> (<a href="matlab: opentoline('C:\dynare\7.0\matlab\utilities\estimation\check_prior_stderr_corr_skew.m',45,0)">line 45</a>)
In <a href="matlab:matlab.internal.language.introspective.errorDocCallback('initial_estimation_checks', 'C:\dynare\7.0\matlab\estimation\initial_estimation_checks.m', 190)" style="font-weight:bold">initial_estimation_checks</a> (<a href="matlab: opentoline('C:\dynare\7.0\matlab\estimation\initial_estimation_checks.m',190,0)">line 190</a>)
In <a href="matlab:matlab.internal.language.introspective.errorDocCallback('dynare_estimation_1', 'C:\dynare\7.0\matlab\estimation\dynare_estimation_1.m', 164)" style="font-weight:bold">dynare_estimation_1</a> (<a href="matlab: opentoline('C:\dynare\7.0\matlab\estimation\dynare_estimation_1.m',164,0)">line 164</a>)
In <a href="matlab:matlab.internal.language.introspective.errorDocCallback('dynare_estimation', 'C:\dynare\7.0\matlab\estimation\dynare_estimation.m', 105)" style="font-weight:bold">dynare_estimation</a> (<a href="matlab: opentoline('C:\dynare\7.0\matlab\estimation\dynare_estimation.m',105,0)">line 105</a>)
In <a href="matlab:matlab.internal.language.introspective.errorDocCallback('uribe_A_24_mode6.driver', 'C:\Users\Pc\Desktop\uribe_tp3_point1_reproducible_v3\uribe_tp3_point1_reproducible\code\dynare\+uribe_A_24_mode6\driver.m', 1127)" style="font-weight:bold">uribe_A_24_mode6.driver</a> (<a href="matlab: opentoline('C:\Users\Pc\Desktop\uribe_tp3_point1_reproducible_v3\uribe_tp3_point1_reproducible\code\dynare\+uribe_A_24_mode6\driver.m',1127,0)">line 1127</a>)
In <a href="matlab:matlab.internal.language.introspective.errorDocCallback('dynare', 'C:\dynare\7.0\matlab\dynare.m', 300)" style="font-weight:bold">dynare</a> (<a href="matlab: opentoline('C:\dynare\7.0\matlab\dynare.m',300,0)">line 300</a>)
In <a href="matlab:matlab.internal.language.introspective.errorDocCallback('run_uribe_A_estimation_24', 'C:\Users\Pc\Desktop\uribe_tp3_point1_reproducible_v3\uribe_tp3_point1_reproducible\code\matlab\run_uribe_A_estimation_24.m', 21)" style="font-weight:bold">run_uribe_A_estimation_24</a> (<a href="matlab: opentoline('C:\Users\Pc\Desktop\uribe_tp3_point1_reproducible_v3\uribe_tp3_point1_reproducible\code\matlab\run_uribe_A_estimation_24.m',21,0)">line 21</a>)] 
Initial value of the log posterior (or likelihood): -305.7971

==========================================================
   Change in the posterior covariance matrix = 196.5131.
   Change in the posterior mean = 42.5564.
   Current mode = 301.7266
   Mode improvement = 4.0705
   New value of jscale = 0.036513
==========================================================

==========================================================
   Change in the posterior covariance matrix = 505.941.
   Change in the posterior mean = 52.5666.
   Current mode = 300.0524
   Mode improvement = 1.6742
   New value of jscale = 0.31311
==========================================================

==========================================================
   Change in the posterior covariance matrix = 206.8345.
   Change in the posterior mean = 9.4999.
   Current mode = 298.5154
   Mode improvement = 1.537
   New value of jscale = 0.24245
==========================================================

Optimal value of the scale parameter = 0.24245


Final value of minus the log posterior (or likelihood):298.515446 

RESULTS FROM POSTERIOR ESTIMATION
parameters
              prior mean     mode    s.d.  prior pstdev

phi              50.0000 145.8915 30.2698   gamm 20.0000 
alpha_pi          1.5000   2.4525  0.2241   gamm 0.2500 
alpha_y           0.1250   0.0893  0.1240   gamm 0.1000 
gamma_m           0.5000   0.6336  0.0774   unif 0.2887 
gamma_I           0.5000   0.0835  0.1323   unif 0.2887 
delta             0.5000   0.1904  0.0512   unif 0.2887 
rho_xi            0.7000   0.9097  0.0173   beta 0.2000 
rho_theta         0.7000   0.8808  0.2006   beta 0.2000 
rho_z             0.7000   0.8795  0.2115   beta 0.2000 
rho_g             0.3000   0.0823  0.0963   beta 0.2000 
rho_zm            0.3000   0.1892  0.2529   beta 0.2000 
rho_gm            0.3000   0.0566  0.1438   beta 0.2000 
sigma_xi          1.0000   2.6222  0.4139   norm 1.0000 
sigma_theta       1.0000   0.0278  0.1184   norm 1.0000 
sigma_z           1.0000   0.0157  0.0972   norm 1.0000 
sigma_g           1.0000   0.8398  0.0770   norm 1.0000 
sigma_zm          0.2500   0.0428  0.0543   norm 0.2500 
sigma_gm          0.2500   0.1406  0.0352   norm 0.2500 

standard deviation of measurement errors
              prior mean     mode    s.d.  prior pstdev

obs_dy            0.1943   0.1946  0.0581   norm 0.0561 
obs_r             0.1442   0.2149  0.0122   norm 0.0416 
obs_di            0.0485   0.0393  0.0127   norm 0.0140 


Log data density [Laplace approximation] is -329.574347.

Total computing time : 0h12m19s
Note: 1 warning(s) encountered in the preprocessor
Note: warning(s) encountered in MATLAB/Octave code
